--2026-09-09 00:00:02--  https://www.stats.govt.nz/assets/Uploads/Annual-enterprise-survey/Annual-enterprise-survey-2023-financial-year-provisional/Download-data/annual-enterprise-survey-2023-financial-year-provisional.csv
Resolving www.stats.govt.nz (www.stats.govt.nz)... 45.60.65.173
Connecting to www.stats.govt.nz (www.stats.govt.nz)|45.60.65.173|:443... connected.
HTTP request sent, awaiting response... 200 OK
Length: 8065547 (7.7M) [application/octet-stream]
Saving to: ‘/mnt/c/Users/godwi/Desktop/cde/raw/etl.csv’

     0K .......... .......... .......... .......... ..........  0%  189K 41s
    50K .......... .......... .......... .......... ..........  1%  413K 30s
   100K .......... .......... .......... .......... ..........  1% 1.19M 22s
   150K .......... .......... .......... .......... ..........  2%  589K 20s
   200K .......... .......... .......... .......... ..........  3% 2.45M 16s
   250K .......... .......... .......... .......... ..........  3% 2.30M 14s
   300K .......... .......... .......... .......... ..........  4% 2.30M 12s
   350K .......... .......... .......... .......... ..........  5% 2.29M 11s
   400K .......... .......... .......... .......... ..........  5%  753K 11s
   450K .......... .......... .......... .......... ..........  6% 2.58M 10s
   500K .......... .......... .......... .......... ..........  6% 3.59M 9s
   550K .......... .......... .......... .......... ..........  7% 3.28M 9s
   600K .......... .......... .......... .......... ..........  8% 4.75M 8s
   650K .......... .......... .......... .......... ..........  8% 2.65M 8s
   700K .......... .......... .......... .......... ..........  9% 4.48M 7s
   750K .......... .......... .......... .......... .......... 10% 4.56M 7s
   800K .......... .......... .......... .......... .......... 10% 1.96M 6s
   850K .......... .......... .......... .......... .......... 11% 3.82M 6s
   900K .......... .......... .......... .......... .......... 12% 1.62M 6s
   950K .......... .......... .......... .......... .......... 12% 1.18M 6s
  1000K .......... .......... .......... .......... .......... 13% 5.04M 6s
  1050K .......... .......... .......... .......... .......... 13% 6.46M 5s
  1100K .......... .......... .......... .......... .......... 14% 3.90M 5s
  1150K .......... .......... .......... .......... .......... 15% 4.84M 5s
  1200K .......... .......... .......... .......... .......... 15% 4.79M 5s
  1250K .......... .......... .......... .......... .......... 16% 4.95M 5s
  1300K .......... .......... .......... .......... .......... 17% 4.71M 5s
  1350K .......... .......... .......... .......... .......... 17% 4.88M 4s
  1400K .......... .......... .......... .......... .......... 18% 4.84M 4s
  1450K .......... .......... .......... .......... .......... 19% 5.17M 4s
  1500K .......... .......... .......... .......... .......... 19% 3.80M 4s
  1550K .......... .......... .......... .......... .......... 20% 4.87M 4s
  1600K .......... .......... .......... .......... .......... 20% 4.95M 4s
  1650K .......... .......... .......... .......... .......... 21% 4.94M 4s
  1700K .......... .......... .......... .......... .......... 22% 5.22M 4s
  1750K .......... .......... .......... .......... .......... 22% 4.70M 3s
  1800K .......... .......... .......... .......... .......... 23% 4.97M 3s
  1850K .......... .......... .......... .......... .......... 24% 4.80M 3s
  1900K .......... .......... .......... .......... .......... 24% 3.62M 3s
  1950K .......... .......... .......... .......... .......... 25% 5.14M 3s
  2000K .......... .......... .......... .......... .......... 26% 5.13M 3s
  2050K .......... .......... .......... .......... .......... 26% 4.35M 3s
  2100K .......... .......... .......... .......... .......... 27% 5.07M 3s
  2150K .......... .......... .......... .......... .......... 27% 4.84M 3s
  2200K .......... .......... .......... .......... .......... 28% 4.74M 3s
  2250K .......... .......... .......... .......... .......... 29% 1.92M 3s
  2300K .......... .......... .......... .......... .......... 29% 4.44M 3s
  2350K .......... .......... .......... .......... .......... 30% 4.86M 3s
  2400K .......... .......... .......... .......... .......... 31% 3.80M 3s
  2450K .......... .......... .......... .......... .......... 31% 5.03M 3s
  2500K .......... .......... .......... .......... .......... 32% 4.99M 3s
  2550K .......... .......... .......... .......... .......... 33% 4.75M 2s
  2600K .......... .......... .......... .......... .......... 33% 5.11M 2s
  2650K .......... .......... .......... .......... .......... 34% 4.89M 2s
  2700K .......... .......... .......... .......... .......... 34% 4.90M 2s
  2750K .......... .......... .......... .......... .......... 35% 4.93M 2s
  2800K .......... .......... .......... .......... .......... 36% 3.47M 2s
  2850K .......... .......... .......... .......... .......... 36% 4.39M 2s
  2900K .......... .......... .......... .......... .......... 37% 4.77M 2s
  2950K .......... .......... .......... .......... .......... 38% 4.65M 2s
  3000K .......... .......... .......... .......... .......... 38% 4.48M 2s
  3050K .......... .......... .......... .......... .......... 39% 4.76M 2s
  3100K .......... .......... .......... .......... .......... 39% 4.20M 2s
  3150K .......... .......... .......... .......... .......... 40% 4.91M 2s
  3200K .......... .......... .......... .......... .......... 41% 4.65M 2s
  3250K .......... .......... .......... .......... .......... 41% 4.50M 2s
  3300K .......... .......... .......... .......... .......... 42% 3.26M 2s
  3350K .......... .......... .......... .......... .......... 43% 3.98M 2s
  3400K .......... .......... .......... .......... .......... 43% 4.17M 2s
  3450K .......... .......... .......... .......... .......... 44% 4.19M 2s
  3500K .......... .......... .......... .......... .......... 45% 5.16M 2s
  3550K .......... .......... .......... .......... .......... 45% 4.27M 2s
  3600K .......... .......... .......... .......... .......... 46% 4.92M 2s
  3650K .......... .......... .......... .......... .......... 46% 4.92M 2s
  3700K .......... .......... .......... .......... .......... 47% 3.83M 2s
  3750K .......... .......... .......... .......... .......... 48% 4.39M 2s
  3800K .......... .......... .......... .......... .......... 48% 4.91M 2s
  3850K .......... .......... .......... .......... .......... 49% 4.93M 2s
  3900K .......... .......... .......... .......... .......... 50% 3.92M 2s
  3950K .......... .......... .......... .......... .......... 50% 4.77M 1s
  4000K .......... .......... .......... .......... .......... 51% 4.90M 1s
  4050K .......... .......... .......... .......... .......... 52% 4.92M 1s
  4100K .......... .......... .......... .......... .......... 52% 4.21M 1s
  4150K .......... .......... .......... .......... .......... 53% 5.01M 1s
  4200K .......... .......... .......... .......... .......... 53% 3.66M 1s
  4250K .......... .......... .......... .......... .......... 54% 3.50M 1s
  4300K .......... .......... .......... .......... .......... 55% 4.84M 1s
  4350K .......... .......... .......... .......... .......... 55% 4.80M 1s
  4400K .......... .......... .......... .......... .......... 56% 5.02M 1s
  4450K .......... .......... .......... .......... .......... 57% 4.98M 1s
  4500K .......... .......... .......... .......... .......... 57% 4.85M 1s
  4550K .......... .......... .......... .......... .......... 58% 4.79M 1s
  4600K .......... .......... .......... .......... .......... 59% 5.07M 1s
  4650K .......... .......... .......... .......... .......... 59% 3.76M 1s
  4700K .......... .......... .......... .......... .......... 60% 4.54M 1s
  4750K .......... .......... .......... .......... .......... 60% 5.11M 1s
  4800K .......... .......... .......... .......... .......... 61% 4.00M 1s
  4850K .......... .......... .......... .......... .......... 62% 4.68M 1s
  4900K .......... .......... .......... .......... .......... 62% 5.20M 1s
  4950K .......... .......... .......... .......... .......... 63% 4.87M 1s
  5000K .......... .......... .......... .......... .......... 64% 4.99M 1s
  5050K .......... .......... .......... .......... .......... 64% 3.99M 1s
  5100K .......... .......... .......... .......... .......... 65% 4.78M 1s
  5150K .......... .......... .......... .......... .......... 66% 5.11M 1s
  5200K .......... .......... .......... .......... .......... 66% 4.60M 1s
  5250K .......... .......... .......... .......... .......... 67% 4.90M 1s
  5300K .......... .......... .......... .......... .......... 67% 5.11M 1s
  5350K .......... .......... .......... .......... .......... 68% 5.01M 1s
  5400K .......... .......... .......... .......... .......... 69% 5.13M 1s
  5450K .......... .......... .......... .......... .......... 69% 4.91M 1s
  5500K .......... .......... .......... .......... .......... 70% 4.40M 1s
  5550K .......... .......... .......... .......... .......... 71% 5.09M 1s
  5600K .......... .......... .......... .......... .......... 71% 3.82M 1s
  5650K .......... .......... .......... .......... .......... 72% 4.96M 1s
  5700K .......... .......... .......... .......... .......... 73% 4.87M 1s
  5750K .......... .......... .......... .......... .......... 73% 5.20M 1s
  5800K .......... .......... .......... .......... .......... 74% 5.14M 1s
  5850K .......... .......... .......... .......... .......... 74% 4.76M 1s
  5900K .......... .......... .......... .......... .......... 75% 4.74M 1s
  5950K .......... .......... .......... .......... .......... 76% 5.12M 1s
  6000K .......... .......... .......... .......... .......... 76% 3.88M 1s
  6050K .......... .......... .......... .......... .......... 77% 5.08M 1s
  6100K .......... .......... .......... .......... .......... 78% 4.81M 1s
  6150K .......... .......... .......... .......... .......... 78% 5.01M 1s
  6200K .......... .......... .......... .......... .......... 79% 5.11M 1s
  6250K .......... .......... .......... .......... .......... 79% 4.33M 1s
  6300K .......... .......... .......... .......... .......... 80% 5.23M 0s
  6350K .......... .......... .......... .......... .......... 81% 4.65M 0s
  6400K .......... .......... .......... .......... .......... 81% 5.03M 0s
  6450K .......... .......... .......... .......... .......... 82% 5.07M 0s
  6500K .......... .......... .......... .......... .......... 83% 3.88M 0s
  6550K .......... .......... .......... .......... .......... 83% 5.15M 0s
  6600K .......... .......... .......... .......... .......... 84% 4.95M 0s
  6650K .......... .......... .......... .......... .......... 85% 5.20M 0s
  6700K .......... .......... .......... .......... .......... 85% 5.23M 0s
  6750K .......... .......... .......... .......... .......... 86% 4.87M 0s
  6800K .......... .......... .......... .......... .......... 86% 4.78M 0s
  6850K .......... .......... .......... .......... .......... 87% 5.16M 0s
  6900K .......... .......... .......... .......... .......... 88% 3.86M 0s
  6950K .......... .......... .......... .......... .......... 88% 4.43M 0s
  7000K .......... .......... .......... .......... .......... 89% 4.73M 0s
  7050K .......... .......... .......... .......... .......... 90% 4.49M 0s
  7100K .......... .......... .......... .......... .......... 90% 5.02M 0s
  7150K .......... .......... .......... .......... .......... 91% 4.55M 0s
  7200K .......... .......... .......... .......... .......... 92% 3.87M 0s
  7250K .......... .......... .......... .......... .......... 92% 4.56M 0s
  7300K .......... .......... .......... .......... .......... 93% 3.86M 0s
  7350K .......... .......... .......... .......... .......... 93% 5.21M 0s
  7400K .......... .......... .......... .......... .......... 94% 4.68M 0s
  7450K .......... .......... .......... .......... .......... 95% 4.60M 0s
  7500K .......... .......... .......... .......... .......... 95% 5.05M 0s
  7550K .......... .......... .......... .......... .......... 96% 4.93M 0s
  7600K .......... .......... .......... .......... .......... 97% 5.17M 0s
  7650K .......... .......... .......... .......... .......... 97% 4.81M 0s
  7700K .......... .......... .......... .......... .......... 98% 3.67M 0s
  7750K .......... .......... .......... .......... .......... 99% 4.93M 0s
  7800K .......... .......... .......... .......... .......... 99% 2.23M 0s
  7850K .......... .......... ......                          100% 5.02M=2.3s

2026-09-09 00:00:09 (3.28 MB/s) - ‘/mnt/c/Users/godwi/Desktop/cde/raw/etl.csv’ saved [8065547/8065547]

suceess
success
